LTspice 24.1.9 for Windows
Circuit: C:\Users\caorsi\source\repos\Jcaorsi\TP-F-sica-Electr-nica\TP_FE mos2N7000.net
Start Time: Tue Jun  2 15:38:50 2026
Options: plotwinsize=0
solver = Normal
Maximum thread count: 8
tnom = 27
temp = 27
method = trap
WARNING: Node nc_04 is floating.
WARNING: Node nc_05 is floating.
WARNING: Node nc_08 is floating.

.OP point found by inspection.
.step V2=0 
.step V2=1 
.step V2=2 
.step V2=3 
.step V2=4 
.step V2=5 
.step V2=6 
.step V2=7 
.step V2=8 
.step V2=9 
.step V2=10 
.step V2=11 
.step V2=12 
Total elapsed time: 0.160 seconds.

Files loaded:
C:\Users\caorsi\source\repos\Jcaorsi\TP-F-sica-Electr-nica\TP_FE mos2N7000.net
C:\Users\caorsi\AppData\Local\LTspice\lib\cmp\standard.dio
C:\Users\caorsi\AppData\Local\LTspice\lib\cmp\standard.bjt
C:\Users\caorsi\AppData\Local\LTspice\lib\cmp\standard.jft
C:\Users\caorsi\AppData\Local\LTspice\lib\cmp\standard.mos
C:\Users\caorsi\source\repos\Jcaorsi\TP-F-sica-Electr-nica\1N4001.lib
C:\Users\caorsi\source\repos\Jcaorsi\TP-F-sica-Electr-nica\2N3819.lib
C:\Users\caorsi\source\repos\Jcaorsi\TP-F-sica-Electr-nica\2N7000.lib
C:\Users\caorsi\source\repos\Jcaorsi\TP-F-sica-Electr-nica\BC546B.lib
C:\Users\caorsi\source\repos\Jcaorsi\TP-F-sica-Electr-nica\LND150h.lib

